[saveukraine.org/index.html]
[backblue.gif]
[fade.gif]
[index.html]
[saveukraine.org/wp-content/uploads/2022/03/save_ukraine4-1.png]
[saveukraine.org/de/index.html]
[saveukraine.org/pt/index.html]
[saveukraine.org/ua/index.html]
[saveukraine.org/pl/index.html]
[saveukraine.org/feed]
[saveukraine.org/it/index.html]
[saveukraine.org/comments/feed]
[saveukraine.org/wp-includes/css/dist/block-library/style.min4dc9.css]
[saveukraine.org/wp-content/plugins/bearsthemes-addons/assets/css/tooltipster4dc9.css]
[saveukraine.org/wp-content/plugins/bearsthemes-addons/assets/css/magnific-popup4dc9.css]
[saveukraine.org/wp-content/plugins/bearsthemes-addons/assets/css/elements4dc9.css]
[saveukraine.org/wp-content/plugins/bearsthemes-addons/assets/css/woocommerce4dc9.css]
[saveukraine.org/wp-content/plugins/bearsthemes-addons/assets/css/give4dc9.css]
[saveukraine.org/wp-content/plugins/bearsthemes-addons/assets/css/events4dc9.css]
[saveukraine.org/wp-content/plugins/bearsthemes-addons/assets/css/sermone4dc9.css]
[saveukraine.org/wp-content/themes/alone/style19c5.css]
[saveukraine.org/wp-content/themes/alone/print19c5.css]
[saveukraine.org/wp-content/plugins/elementor/assets/lib/eicons/css/elementor-icons.mine900.css]
[saveukraine.org/wp-content/plugins/elementor/assets/css/frontend-legacy.min10cb.css]
[saveukraine.org/wp-content/plugins/elementor/assets/css/frontend.min10cb.css]
[saveukraine.org/wp-content/uploads/elementor/css/post-960a6.css]
[saveukraine.org/wp-content/plugins/elementor-pro/assets/css/frontend.minccfb.css]
[saveukraine.org/wp-content/uploads/elementor/css/globala4ae.css]
[saveukraine.org/wp-content/uploads/elementor/css/post-62679fe9.css]
[saveukraine.org/wp-content/uploads/elementor/css/post-1186519f1.css]
[saveukraine.org/wp-content/uploads/elementor/css/post-116756ffa.css]
[saveukraine.org/wp-content/plugins/ubermenu/pro/assets/css/ubermenu.min1ac1.css]
[saveukraine.org/wp-content/plugins/ubermenu/assets/css/skins/blackwhite4dc9.css]
[saveukraine.org/wp-content/plugins/ubermenu/assets/css/skins/blackwhite24dc9.css]
[saveukraine.org/wp-content/plugins/ubermenu/assets/css/skins/minimal4dc9.css]
[saveukraine.org/wp-content/plugins/ubermenu/assets/fontawesome/css/all.min4dc9.css]
[saveukraine.org/wp-content/plugins/elementor/assets/lib/font-awesome/css/fontawesome.min52d5.css]
[saveukraine.org/wp-content/plugins/elementor/assets/lib/font-awesome/css/solid.min52d5.css]
[saveukraine.org/wp-content/plugins/elementor/assets/lib/font-awesome/css/regular.min52d5.css]
[saveukraine.org/wp-includes/js/jquery/jquery.minaf6c.js]
[saveukraine.org/wp-includes/js/jquery/jquery-migrate.mind617.js]
[saveukraine.org/wp-json/wp/v2/pages/6267.json]
[saveukraine.org/wp-json/index.html]
[saveukraine.org/xmlrpc0db0.php]
[saveukraine.org/wp-includes/wlwmanifest.xml]
[saveukraine.org/wp-json/oembed/1.0/embed2da2.json]
[saveukraine.org/wp-json/oembed/1.0/embed41ff]
[saveukraine.org/wp-content/uploads/2022/03/cropped-site_icon-32x32.png]
[saveukraine.org/wp-content/uploads/2022/03/cropped-site_icon-192x192.png]
[saveukraine.org/wp-content/uploads/2022/03/cropped-site_icon-180x180.png]
[saveukraine.org/home/admin/web/saveukraine.org/public_html/wp-content/fonts/poppins/pxiEyp8kv8JHgFVrJJbedHFHGPezSQ.woff]
[saveukraine.org/home/admin/web/saveukraine.org/public_html/wp-content/fonts/poppins/pxiEyp8kv8JHgFVrJJnedHFHGPezSQ.woff]
[saveukraine.org/home/admin/web/saveukraine.org/public_html/wp-content/fonts/poppins/pxiEyp8kv8JHgFVrJJfedHFHGPc.woff]
[saveukraine.org/home/admin/web/saveukraine.org/public_html/wp-content/fonts/poppins/pxiByp8kv8JHgFVrLEj6Z11lE92JQEl8qw.woff]
[saveukraine.org/home/admin/web/saveukraine.org/public_html/wp-content/fonts/poppins/pxiByp8kv8JHgFVrLEj6Z1JlE92JQEl8qw.woff]
[saveukraine.org/home/admin/web/saveukraine.org/public_html/wp-content/fonts/poppins/pxiByp8kv8JHgFVrLEj6Z1xlE92JQEk.woff]
[saveukraine.org/home/admin/web/saveukraine.org/public_html/wp-content/fonts/poppins/pxiByp8kv8JHgFVrLCz7Z11lE92JQEl8qw.woff]
[saveukraine.org/home/admin/web/saveukraine.org/public_html/wp-content/fonts/poppins/pxiByp8kv8JHgFVrLCz7Z1JlE92JQEl8qw.woff]
[saveukraine.org/home/admin/web/saveukraine.org/public_html/wp-content/fonts/poppins/pxiByp8kv8JHgFVrLCz7Z1xlE92JQEk.woff]
[saveukraine.org/cdn-cgi/l/email-protection.html]
[saveukraine.org/about.html]
[saveukraine.org/donate.html]
[saveukraine.org/wp-content/uploads/2022/03/saveukr_logo.svg]
[saveukraine.org/wp-content/uploads/2021/06/generous.svg]
[saveukraine.org/ways-to-help.html]
[saveukraine.org/wp-content/uploads/2021/06/political-icon.png]
[saveukraine.org/events.html]
[saveukraine.org/wp-content/uploads/2021/06/event-icon.png]
[saveukraine.org/volunteer.html]
[saveukraine.org/wp-content/uploads/2020/12/crpn-icon-hand.svg]
[saveukraine.org/join-international-legion.html]
[saveukraine.org/wp-content/uploads/2020/12/brs-icon-3.svg]
[saveukraine.org/news.html]
[saveukraine.org/over-20000-volunteers-join-international-legion-to-fight-against-russia.html]
[saveukraine.org/wp-content/uploads/2022/03/3-768x512.jpg]
[saveukraine.org/category/russian-aggression.html]
[saveukraine.org/russia-escalates-attacks-on-ukraines-civilian-areas-destroying-maternity-hospital.html]
[saveukraine.org/ukraine-displaced-population-to-rise-to-6-7-mln-united-nations.html]
[saveukraine.org/contacts.html]
[saveukraine.org/wp-content/uploads/2021/02/hsl-become-volunteer.png]
[saveukraine.org/wp-content/uploads/2022/03/2-768x512.jpg]
[saveukraine.org/wp-content/uploads/2022/03/1-768x512.jpg]
[saveukraine.org/wp-content/uploads/2022/03/come_back_alive-1.png]
[saveukraine.org/wp-content/uploads/2022/03/help_ukraine.png]
[saveukraine.org/wp-content/uploads/2022/03/lifeline.png]
[saveukraine.org/wp-content/uploads/2022/03/national-bank.png]
[saveukraine.org/wp-content/uploads/2022/03/nova_poshta.png]
[saveukraine.org/wp-content/uploads/2022/03/phoenix-1.png]
[saveukraine.org/wp-content/uploads/2022/03/razom-1.png]
[saveukraine.org/wp-content/uploads/2022/03/pledge-1.png]
[saveukraine.org/wp-content/uploads/2022/03/red_cross-1.png]
[saveukraine.org/wp-content/uploads/2022/03/soldier.png]
[saveukraine.org/wp-content/uploads/2022/03/sos_vostok.png]
[saveukraine.org/wp-content/uploads/2022/03/unchain-1.png]
[saveukraine.org/wp-content/uploads/2022/03/unicef.png]
[saveukraine.org/wp-content/uploads/2022/03/voice-of-children.png]
[saveukraine.org/wp-content/uploads/2022/06/Frame-9.png]
[saveukraine.org/wp-content/uploads/2022/06/plumrocket_logo_v2.svg]
[saveukraine.org/wp-content/uploads/2022/06/Frame-10.png]
[saveukraine.org/wp-content/uploads/2021/06/footer-logo.png]
[saveukraine.org/wp-content/uploads/elementor/css/post-11151501a.css]
[saveukraine.org/wp-content/plugins/elementor/assets/lib/animations/animations.min10cb.css]
[saveukraine.org/cdn-cgi/scripts/5c5dd728/cloudflare-static/email-decode.min.js]
[saveukraine.org/wp-content/themes/alone/js/priority-menu8399.js]
[saveukraine.org/wp-content/themes/alone/js/main8399.js]
[saveukraine.org/wp-content/plugins/ubermenu/assets/js/ubermenu.min1ac1.js]
[saveukraine.org/wp-content/plugins/bearsthemes-addons/assets/js/frontend4dc9.js]
[saveukraine.org/wp-content/plugins/bearsthemes-addons/assets/js/jquery.magnific-popup.min4dc9.js]
[www.google.com/recaptcha/apie152.js]
[saveukraine.org/wp-content/plugins/elementor-pro/assets/js/webpack-pro.runtime.minccfb.js]
[saveukraine.org/wp-content/plugins/elementor/assets/js/webpack.runtime.min10cb.js]
[saveukraine.org/wp-content/plugins/elementor/assets/js/frontend-modules.min10cb.js]
[saveukraine.org/wp-content/plugins/elementor-pro/assets/js/frontend.minccfb.js]
[saveukraine.org/wp-content/plugins/elementor/assets/lib/waypoints/waypoints.min05da.js]
[saveukraine.org/wp-includes/js/jquery/ui/core.min0028.js]
[saveukraine.org/wp-content/plugins/elementor/assets/lib/swiper/swiper.min48f5.js]
[saveukraine.org/wp-content/plugins/elementor/assets/lib/share-link/share-link.min10cb.js]
[saveukraine.org/wp-content/plugins/elementor/assets/lib/dialog/dialog.mind227.js]
[saveukraine.org/wp-content/plugins/elementor/assets/js/frontend.min10cb.js]
[saveukraine.org/wp-content/plugins/elementor-pro/assets/js/preloaded-elements-handlers.minccfb.js]
[saveukraine.org/wp-content/plugins/elementor/assets/js/preloaded-modules.min10cb.js]
[saveukraine.org/wp-content/plugins/elementor-pro/assets/lib/sticky/jquery.sticky.minccfb.js]
[saveukraine.org/wp-includes/js/underscore.min0028.js]
[saveukraine.org/wp-includes/js/wp-util.min4dc9.js]
[saveukraine.org/wp-content/plugins/wpforms-lite/assets/js/integrations/elementor/frontend.mine3d1.js]
[saveukraine.org/index.html]
[saveukraine.org/de/feed]
[saveukraine.org/de/comments/feed]
[saveukraine.org/wp-content/uploads/elementor/css/post-20209631f.css]
[saveukraine.org/wp-content/uploads/elementor/css/post-202843608.css]
[saveukraine.org/wp-content/uploads/elementor/css/post-20342fe7c.css]
[saveukraine.org/wp-json/wp/v2/pages/20209.json]
[saveukraine.org/wp-json/oembed/1.0/embedc93a.json]
[saveukraine.org/wp-json/oembed/1.0/embeddb75]
[saveukraine.org/de/uber-uns.html]
[saveukraine.org/de/spenden-fur-ukraine.html]
[saveukraine.org/wp-content/uploads/2022/06/generous.svg]
[saveukraine.org/de/moglichkeiten-zu-helfen.html]
[saveukraine.org/wp-content/uploads/2022/06/political-icon.png]
[saveukraine.org/de/kundgebungen.html]
[saveukraine.org/wp-content/uploads/2022/06/event-icon.png]
[saveukraine.org/de/freiwillig.html]
[saveukraine.org/wp-content/uploads/2022/06/crpn-icon-hand.svg]
[saveukraine.org/de/internationalen-legion-anschliessen-ukraine.html]
[saveukraine.org/wp-content/uploads/2022/06/brs-icon-3.svg]
[saveukraine.org/de/kontaktieren-sie-uns.html]
[saveukraine.org/de/index.html]
[saveukraine.org/pt/feed]
[saveukraine.org/pt/comments/feed]
[saveukraine.org/wp-content/uploads/elementor/css/post-20352485d.css]
[saveukraine.org/wp-content/uploads/elementor/css/post-20408cb5a.css]
[saveukraine.org/wp-content/uploads/elementor/css/post-20555acb9.css]
[saveukraine.org/wp-json/wp/v2/pages/20352.json]
[saveukraine.org/wp-json/oembed/1.0/embedb97f.json]
[saveukraine.org/wp-json/oembed/1.0/embed575a]
[saveukraine.org/pt/sobre-nos.html]
[saveukraine.org/pt/contribuir.html]
[saveukraine.org/wp-content/uploads/2022/06/generous-1.svg]
[saveukraine.org/pt/formas-de-ajudar-ucrania.html]
[saveukraine.org/wp-content/uploads/2022/06/political-icon-1.png]
[saveukraine.org/pt/manifestacoes.html]
[saveukraine.org/wp-content/uploads/2022/06/event-icon-1.png]
[saveukraine.org/pt/voluntariado.html]
[saveukraine.org/wp-content/uploads/2022/06/crpn-icon-hand-1.svg]
[saveukraine.org/pt/alistamento-legiao-internacional.html]
[saveukraine.org/wp-content/uploads/2022/06/brs-icon-3-1.svg]
[saveukraine.org/pt/contacte-nos.html]
[saveukraine.org/pt/index.html]
[saveukraine.org/ua/feed]
[saveukraine.org/ua/comments/feed]
[saveukraine.org/wp-content/uploads/elementor/css/post-172991380.css]
[saveukraine.org/wp-content/uploads/elementor/css/post-17435b240.css]
[saveukraine.org/wp-content/uploads/elementor/css/post-17388a9f6.css]
[saveukraine.org/wp-json/wp/v2/pages/17299.json]
[saveukraine.org/wp-json/oembed/1.0/embed3c10.json]
[saveukraine.org/wp-json/oembed/1.0/embed5ad1]
[saveukraine.org/ua/pro-nas.html]
[saveukraine.org/ua/zrobyty-vnesok.html]
[saveukraine.org/ua/inshi-sposoby-dopomohy.html]
[saveukraine.org/ua/aktsii-na-pidtrymku-ukrainy.html]
[saveukraine.org/ua/volonterstvo.html]
[saveukraine.org/ua/doluchaisya-do-international-legion.html]
[saveukraine.org/ua/kontakty.html]
[saveukraine.org/ua/humanitarna-dopomoha-ukraini]
[saveukraine.org/ua/index.html]
[saveukraine.org/pl/feed]
[saveukraine.org/pl/comments/feed]
[saveukraine.org/wp-content/uploads/elementor/css/post-196473c66.css]
[saveukraine.org/wp-content/uploads/elementor/css/post-19691f9b0.css]
[saveukraine.org/wp-content/uploads/elementor/css/post-196875625.css]
[saveukraine.org/wp-json/wp/v2/pages/19647.json]
[saveukraine.org/wp-json/oembed/1.0/embed5d70.json]
[saveukraine.org/wp-json/oembed/1.0/embedd955]
[saveukraine.org/pl/o-nas.html]
[saveukraine.org/pl/przekaz-darowizne.html]
[saveukraine.org/pl/dodatkowe-sposoby-pomocy.html]
[saveukraine.org/pl/wiec-poparcia-dla-ukrainy.html]
[saveukraine.org/pl/wolontariat.html]
[saveukraine.org/pl/miedzynarodowy-legion-obrony-terytorialnej-ukrainy.html]
[saveukraine.org/pl/index.html]
[saveukraine.org/pl/kontakt.html]
[saveukraine.org/it/feed]
[saveukraine.org/it/comments/feed]
[saveukraine.org/wp-content/uploads/elementor/css/post-199483fcc.css]
[saveukraine.org/wp-content/uploads/elementor/css/post-20164b9d7.css]
[saveukraine.org/wp-content/uploads/elementor/css/post-20550eff4.css]
[saveukraine.org/wp-json/wp/v2/pages/19948.json]
[saveukraine.org/wp-json/oembed/1.0/embed130e.json]
[saveukraine.org/wp-json/oembed/1.0/embed62af]
[saveukraine.org/it/сhi-siamo.html]
[saveukraine.org/it/donazioni-ucraina.html]
[saveukraine.org/wp-content/uploads/2022/04/generous.svg]
[saveukraine.org/it/come-aiutare-ucraina.html]
[saveukraine.org/it/manifestazioni-ucraina.html]
[saveukraine.org/it/volontariato.html]
[saveukraine.org/it/legione-internazionale-ucraina.html]
[saveukraine.org/it/contatti.html]
[saveukraine.org/it/index.html]
[saveukraine.org/comments/feed.html]
[saveukraine.org/wp-includes/css/dist/block-library/style.min4dc9.css]
[saveukraine.org/wp-content/plugins/bearsthemes-addons/assets/css/tooltipster4dc9.css]
[saveukraine.org/wp-content/plugins/bearsthemes-addons/assets/css/magnific-popup4dc9.css]
[saveukraine.org/wp-content/plugins/bearsthemes-addons/assets/images/cls-quote.png]
[saveukraine.org/wp-content/plugins/bearsthemes-addons/assets/images/cls-ellipse-testimonial.svg]
[saveukraine.org/wp-content/plugins/bearsthemes-addons/assets/images/cls-ellipse47.svg]
[saveukraine.org/wp-content/plugins/bearsthemes-addons/assets/images/cls-ellipse46.svg]
[saveukraine.org/wp-content/plugins/bearsthemes-addons/assets/images/icon7.png]
[saveukraine.org/wp-content/plugins/bearsthemes-addons/assets/images/cls-ellipse48.svg]
[saveukraine.org/wp-content/plugins/bearsthemes-addons/assets/images/search-light.svg]
[saveukraine.org/wp-content/plugins/bearsthemes-addons/assets/images/heart-light.svg]
[saveukraine.org/wp-content/plugins/bearsthemes-addons/assets/css/elements4dc9.css]
[saveukraine.org/wp-content/plugins/bearsthemes-addons/assets/css/woocommerce4dc9.css]
[saveukraine.org/wp-content/plugins/bearsthemes-addons/assets/images/bg-pattern.jpg]
[saveukraine.org/wp-content/plugins/bearsthemes-addons/assets/css/give4dc9.css]
[saveukraine.org/wp-content/plugins/bearsthemes-addons/assets/css/events4dc9.css]
[saveukraine.org/wp-content/plugins/bearsthemes-addons/assets/css/sermone4dc9.css]
[saveukraine.org/wp-content/themes/alone/fonts/font.css]
[saveukraine.org/wp-content/themes/alone/css/normalize.css]
[saveukraine.org/wp-content/themes/alone/css/alone-main.css]
[saveukraine.org/wp-content/themes/alone/style19c5.css]
[saveukraine.org/wp-content/themes/alone/print19c5.css]
[saveukraine.org/wp-content/plugins/elementor/assets/lib/eicons/fonts/eiconsdc2c.eot]
[saveukraine.org/wp-content/plugins/elementor/assets/lib/eicons/fonts/eiconsdc2c.woff2]
[saveukraine.org/wp-content/plugins/elementor/assets/lib/eicons/fonts/eiconsdc2c.woff]
[saveukraine.org/wp-content/plugins/elementor/assets/lib/eicons/fonts/eiconsdc2c.ttf]
[saveukraine.org/wp-content/plugins/elementor/assets/lib/eicons/css/elementor-icons.mine900.css]
[saveukraine.org/wp-content/plugins/elementor/assets/css/frontend-legacy.min10cb.css]
[saveukraine.org/wp-content/plugins/elementor/assets/css/frontend.min10cb.css]
[saveukraine.org/wp-content/uploads/elementor/css/post-960a6.css]
[saveukraine.org/wp-content/plugins/elementor-pro/assets/css/frontend.minccfb.css]
[saveukraine.org/wp-content/uploads/elementor/css/globala4ae.css]
[saveukraine.org/wp-content/plugins/elementor/assets/lib/eicons/fonts/eiconsdc2c.svg]
[saveukraine.org/wp-content/uploads/2022/03/hero_bg.jpg]
[saveukraine.org/wp-content/uploads/2022/03/bg-1.png]
[saveukraine.org/wp-content/uploads/2022/03/bg_2.png]
[saveukraine.org/wp-content/uploads/2022/03/bg-31.png]
[saveukraine.org/wp-content/uploads/2022/03/bg_4.png]
[saveukraine.org/wp-content/uploads/2022/03/hsl-bg-video.jpg]
[saveukraine.org/wp-content/uploads/2022/03/bg_events.jpg]
[saveukraine.org/wp-content/uploads/2022/03/bg_events_phone-1.jpg]
[saveukraine.org/wp-content/uploads/elementor/css/post-62679fe9.css]
[saveukraine.org/wp-content/uploads/elementor/css/post-1186519f1.css]
[saveukraine.org/wp-content/uploads/elementor/css/post-116756ffa.css]
[saveukraine.org/wp-content/plugins/ubermenu/pro/assets/css/ubermenu.min1ac1.css]
[saveukraine.org/wp-content/plugins/ubermenu/assets/css/skins/blackwhite4dc9.css]
[saveukraine.org/wp-content/plugins/ubermenu/assets/css/skins/blackwhite24dc9.css]
[saveukraine.org/wp-content/plugins/ubermenu/assets/css/skins/minimal4dc9.css]
[saveukraine.org/wp-content/plugins/ubermenu/assets/fontawesome/webfonts/fa-brands-400.eot]
[saveukraine.org/wp-content/plugins/ubermenu/assets/fontawesome/webfonts/fa-brands-400d41d.eot]
[saveukraine.org/wp-content/plugins/ubermenu/assets/fontawesome/webfonts/fa-brands-400.woff2]
[saveukraine.org/wp-content/plugins/ubermenu/assets/fontawesome/webfonts/fa-brands-400.woff]
[saveukraine.org/wp-content/plugins/ubermenu/assets/fontawesome/webfonts/fa-brands-400.ttf]
[saveukraine.org/wp-content/plugins/ubermenu/assets/fontawesome/webfonts/fa-brands-400.svg]
[saveukraine.org/wp-content/plugins/ubermenu/assets/fontawesome/webfonts/fa-regular-400.eot]
[saveukraine.org/wp-content/plugins/ubermenu/assets/fontawesome/webfonts/fa-regular-400d41d.eot]
[saveukraine.org/wp-content/plugins/ubermenu/assets/fontawesome/webfonts/fa-regular-400.woff2]
[saveukraine.org/wp-content/plugins/ubermenu/assets/fontawesome/webfonts/fa-regular-400.woff]
[saveukraine.org/wp-content/plugins/ubermenu/assets/fontawesome/webfonts/fa-regular-400.ttf]
[saveukraine.org/wp-content/plugins/ubermenu/assets/fontawesome/webfonts/fa-regular-400.svg]
[saveukraine.org/wp-content/plugins/ubermenu/assets/fontawesome/webfonts/fa-solid-900.eot]
[saveukraine.org/wp-content/plugins/ubermenu/assets/fontawesome/webfonts/fa-solid-900d41d.eot]
[saveukraine.org/wp-content/plugins/ubermenu/assets/fontawesome/webfonts/fa-solid-900.woff2]
[saveukraine.org/wp-content/plugins/ubermenu/assets/fontawesome/webfonts/fa-solid-900.woff]
[saveukraine.org/wp-content/plugins/ubermenu/assets/fontawesome/webfonts/fa-solid-900.ttf]
[saveukraine.org/wp-content/plugins/ubermenu/assets/fontawesome/css/all.min4dc9.css]
[saveukraine.org/wp-content/plugins/elementor/assets/lib/font-awesome/css/fontawesome.min52d5.css]
[saveukraine.org/wp-content/plugins/ubermenu/assets/fontawesome/webfonts/fa-solid-900.svg]
[saveukraine.org/wp-content/plugins/elementor/assets/lib/font-awesome/webfonts/fa-solid-900.eot]
[saveukraine.org/wp-content/plugins/elementor/assets/lib/font-awesome/webfonts/fa-solid-900d41d.eot]
[saveukraine.org/wp-content/plugins/elementor/assets/lib/font-awesome/webfonts/fa-solid-900.woff2]
[saveukraine.org/wp-content/plugins/elementor/assets/lib/font-awesome/webfonts/fa-solid-900.woff]
[saveukraine.org/wp-content/plugins/elementor/assets/lib/font-awesome/webfonts/fa-solid-900.ttf]
[saveukraine.org/wp-content/plugins/elementor/assets/lib/font-awesome/css/solid.min52d5.css]
[saveukraine.org/wp-content/plugins/elementor/assets/lib/font-awesome/webfonts/fa-solid-900.svg]
[saveukraine.org/wp-content/plugins/elementor/assets/lib/font-awesome/webfonts/fa-regular-400.eot]
[saveukraine.org/wp-content/plugins/elementor/assets/lib/font-awesome/webfonts/fa-regular-400d41d.eot]
[saveukraine.org/wp-content/plugins/elementor/assets/lib/font-awesome/webfonts/fa-regular-400.woff2]
[saveukraine.org/wp-content/plugins/elementor/assets/lib/font-awesome/webfonts/fa-regular-400.woff]
[saveukraine.org/wp-content/plugins/elementor/assets/lib/font-awesome/webfonts/fa-regular-400.ttf]
[saveukraine.org/wp-content/plugins/elementor/assets/lib/font-awesome/css/regular.min52d5.css]
[saveukraine.org/home/admin/web/saveukraine.org/public_html/wp-content/fonts/poppins/pxiEyp8kv8JHgFVrJJbedHFHGPezSQ.html]
[saveukraine.org/home/admin/web/saveukraine.org/public_html/wp-content/fonts/poppins/pxiEyp8kv8JHgFVrJJnedHFHGPezSQ.html]
[saveukraine.org/home/admin/web/saveukraine.org/public_html/wp-content/fonts/poppins/pxiEyp8kv8JHgFVrJJfedHFHGPc.html]
[saveukraine.org/home/admin/web/saveukraine.org/public_html/wp-content/fonts/poppins/pxiByp8kv8JHgFVrLEj6Z11lE92JQEl8qw.html]
[saveukraine.org/home/admin/web/saveukraine.org/public_html/wp-content/fonts/poppins/pxiByp8kv8JHgFVrLEj6Z1JlE92JQEl8qw.html]
[saveukraine.org/home/admin/web/saveukraine.org/public_html/wp-content/fonts/poppins/pxiByp8kv8JHgFVrLEj6Z1xlE92JQEk.html]
[saveukraine.org/home/admin/web/saveukraine.org/public_html/wp-content/fonts/poppins/pxiByp8kv8JHgFVrLCz7Z11lE92JQEl8qw.html]
[saveukraine.org/home/admin/web/saveukraine.org/public_html/wp-content/fonts/poppins/pxiByp8kv8JHgFVrLCz7Z1JlE92JQEl8qw.html]
[saveukraine.org/home/admin/web/saveukraine.org/public_html/wp-content/fonts/poppins/pxiByp8kv8JHgFVrLCz7Z1xlE92JQEk.html]
[saveukraine.org/wp-content/plugins/elementor/assets/lib/font-awesome/webfonts/fa-regular-400.svg]
[saveukraine.org/cdn-cgi/l/email-protection.html]
[saveukraine.org/wp-content/uploads/2022/03/about.jpg]
[saveukraine.org/wp-content/uploads/elementor/css/post-892354ad.css]
[saveukraine.org/wp-json/wp/v2/pages/8923.json]
[saveukraine.org/wp-json/oembed/1.0/embed3469.json]
[saveukraine.org/wp-json/oembed/1.0/embedf1c8]
[saveukraine.org/about.html]
[saveukraine.org/wp-content/uploads/elementor/css/post-172535c2b.css]
[saveukraine.org/wp-json/wp/v2/pages/17253.json]
[saveukraine.org/wp-json/oembed/1.0/embed0ea6.json]
[saveukraine.org/wp-json/oembed/1.0/embed9b01]
[saveukraine.org/wp-content/uploads/2022/03/ministry-of-defense1.png]
[saveukraine.org/wp-content/uploads/2022/03/come_back_alive.png]
[saveukraine.org/wp-content/uploads/2022/03/Ua_help.png]
[saveukraine.org/wp-content/uploads/2022/03/SPFLogo.png]
[saveukraine.org/wp-content/uploads/2022/03/phoenix.png]
[saveukraine.org/wp-content/uploads/2022/03/sos.png]
[saveukraine.org/wp-content/uploads/2022/03/Frame-7.png]
[saveukraine.org/wp-content/uploads/2022/03/Frame-5.png]
[saveukraine.org/wp-content/uploads/2022/05/armysos-icon.png]
[saveukraine.org/wp-content/uploads/2022/05/unitewithukraine-icon.png]
[saveukraine.org/wp-content/uploads/2022/05/u24-icon.png]
[saveukraine.org/wp-content/uploads/2022/03/razom.png]
[saveukraine.org/wp-content/uploads/2022/03/united_help.png]
[saveukraine.org/wp-content/uploads/2022/03/revived_soldiers.png]
[saveukraine.org/wp-content/uploads/2022/03/sunflower.png]
[saveukraine.org/wp-content/uploads/2022/03/lifeline1.png]
[saveukraine.org/wp-content/uploads/2022/03/hospitalier.png]
[saveukraine.org/wp-content/uploads/2022/03/Frame-1.png]
[saveukraine.org/wp-content/uploads/2022/03/leleka.png]
[saveukraine.org/wp-content/uploads/2022/03/Emergency_Humanitarian.png]
[saveukraine.org/wp-content/uploads/2022/03/donate_page_06.png]
[saveukraine.org/wp-content/uploads/2022/03/Frame-2.png]
[saveukraine.org/wp-content/uploads/2022/03/Frame-3.png]
[saveukraine.org/wp-content/uploads/2022/03/Frame-4.png]
[saveukraine.org/wp-content/uploads/2022/03/voice_of_children.png]
[saveukraine.org/wp-content/uploads/2022/03/uncef.png]
[saveukraine.org/wp-content/uploads/2022/03/icon-1.png]
[saveukraine.org/wp-content/uploads/2022/03/pledge.png]
[saveukraine.org/wp-content/uploads/2022/03/uanimals.png]
[saveukraine.org/wp-content/uploads/2023/04/four-paws-2.svg]
[saveukraine.org/wp-content/uploads/2022/03/vet-crew.png]
[saveukraine.org/wp-content/uploads/2022/03/sipius.png]
[saveukraine.org/wp-content/uploads/2022/03/Aid_For_Ukraine.png]
[saveukraine.org/wp-content/uploads/2022/03/unchain.png]
[saveukraine.org/donate.html]
[saveukraine.org/wp-content/uploads/2022/03/saveukr_logo.svg]
[saveukraine.org/wp-content/uploads/2021/06/generous.svg]
[saveukraine.org/wp-content/uploads/elementor/css/post-9104d275.css]
[saveukraine.org/wp-json/wp/v2/pages/9104.json]
[saveukraine.org/wp-json/oembed/1.0/embed6be5.json]
[saveukraine.org/wp-json/oembed/1.0/embed4a65]
[saveukraine.org/volunteer/become-a-volunteer.html]
[saveukraine.org/ways-to-help.html]
[saveukraine.org/ways-to-help/donate-a-vehicle.html]
[saveukraine.org/wp-content/uploads/2022/03/events-desktop-1.png]
[saveukraine.org/wp-content/uploads/elementor/css/post-1722899f9.css]
[saveukraine.org/wp-json/wp/v2/pages/17228.json]
[saveukraine.org/wp-json/oembed/1.0/embed33e4.json]
[saveukraine.org/wp-json/oembed/1.0/embedd527]
[saveukraine.org/wp-content/uploads/2022/03/events-mobile-1.png]
[saveukraine.org/events.html]
[saveukraine.org/wp-content/uploads/2022/03/Provide_temporary_housing-1.png]
[saveukraine.org/wp-content/uploads/elementor/css/post-91022d04.css]
[saveukraine.org/wp-json/wp/v2/pages/9102.json]
[saveukraine.org/wp-json/oembed/1.0/embed143c.json]
[saveukraine.org/wp-json/oembed/1.0/embedf5fd]
[saveukraine.org/volunteer/provide-housing.html]
[saveukraine.org/wp-content/uploads/2022/03/Rectangle-17.png]
[saveukraine.org/volunteer/provide-transportation.html]
[saveukraine.org/wp-content/uploads/2022/03/Rectangle-17-1.png]
[saveukraine.org/wp-content/uploads/2022/03/Rectangle-13.png]
[saveukraine.org/volunteer/contact-legislator.html]
[saveukraine.org/wp-content/uploads/2022/03/doctors-1.png]
[saveukraine.org/volunteer/become-medical-volunteer.html]
[saveukraine.org/wp-content/uploads/2022/03/IT_army.png]
[saveukraine.org/wp-content/uploads/2022/03/завантаження-1.png]
[saveukraine.org/wp-content/uploads/2022/03/завантаження-2-1.png]
[saveukraine.org/volunteer.html]
[saveukraine.org/wp-content/uploads/2020/12/crpn-icon-hand.svg]
[saveukraine.org/wp-content/uploads/2022/03/International_Legion.png]
[saveukraine.org/wp-content/uploads/elementor/css/post-183938ad3.css]
[saveukraine.org/wp-json/wp/v2/pages/18393.json]
[saveukraine.org/wp-json/oembed/1.0/embedd891.json]
[saveukraine.org/wp-json/oembed/1.0/embed5ed0]
[saveukraine.org/wp-content/uploads/2022/03/International_Legion_m.png]
[saveukraine.org/join-international-legion.html]
[saveukraine.org/wp-content/uploads/2020/12/brs-icon-3.svg]
[saveukraine.org/ua/novyny.html]
[saveukraine.org/wp-content/uploads/2022/03/3-300x200.jpg]
[saveukraine.org/author/author_en.html]
[saveukraine.org/wp-content/uploads/2022/03/2-300x200.jpg]
[saveukraine.org/wp-content/uploads/2022/03/1-300x200.jpg]
[saveukraine.org/2022/03.html]
[ajax.aspnetcdn.com/ajax/jquery.validate/1.9/jquery.validate.min.js]
[saveukraine.org/news.html]
[saveukraine.org/wp-content/uploads/2022/03/3.jpg]
[saveukraine.org/over-20000-volunteers-join-international-legion-to-fight-against-russia/feed]
[saveukraine.org/wp-content/uploads/elementor/css/post-182749d2a.css]
[saveukraine.org/wp-json/wp/v2/posts/18274.json]
[saveukraine.org/wp-json/oembed/1.0/embed4a05.json]
[saveukraine.org/wp-json/oembed/1.0/embed490b]
[saveukraine.org/tag/russian-aggression.html]
[saveukraine.org/tag/war-in-ukraine.html]
[saveukraine.org/wp-includes/js/comment-reply.min4dc9.js]
[saveukraine.org/over-20000-volunteers-join-international-legion-to-fight-against-russia.html]
[saveukraine.org/category/russian-aggression/feed]
[saveukraine.org/category/russian-aggression.html]
[saveukraine.org/wp-json/wp/v2/categories/337.json]
[saveukraine.org/wp-content/uploads/2022/03/2.jpg]
[saveukraine.org/russia-escalates-attacks-on-ukraines-civilian-areas-destroying-maternity-hospital/feed]
[saveukraine.org/wp-content/uploads/elementor/css/post-182619d2a.css]
[saveukraine.org/wp-json/wp/v2/posts/18261.json]
[saveukraine.org/wp-json/oembed/1.0/embed8aab.json]
[saveukraine.org/wp-json/oembed/1.0/embedcc0b]
[saveukraine.org/russia-escalates-attacks-on-ukraines-civilian-areas-destroying-maternity-hospital.html]
[saveukraine.org/wp-content/uploads/2022/03/1.jpg]
[saveukraine.org/ukraine-displaced-population-to-rise-to-6-7-mln-united-nations/feed]
[saveukraine.org/wp-content/uploads/elementor/css/post-182449d2a.css]
[saveukraine.org/wp-json/wp/v2/posts/18244.json]
[saveukraine.org/wp-json/oembed/1.0/embedb79a.json]
[saveukraine.org/wp-json/oembed/1.0/embed85e1]
[saveukraine.org/ukraine-displaced-population-to-rise-to-6-7-mln-united-nations.html]
[saveukraine.org/wp-content/uploads/elementor/css/post-911084b6.css]
[saveukraine.org/wp-json/wp/v2/pages/9110.json]
[saveukraine.org/wp-json/oembed/1.0/embed4cce.json]
[saveukraine.org/wp-json/oembed/1.0/embedcf9f]
[saveukraine.org/contacts.html]
[saveukraine.org/wp-content/uploads/2022/06/plumrocket_logo_v2.svg]
[saveukraine.org/wp-content/uploads/elementor/css/post-11151501a.css]
[saveukraine.org/wp-content/plugins/elementor/assets/lib/animations/animations.min10cb.css]
[saveukraine.org/de/comments/feed.html]
[saveukraine.org/wp-content/uploads/elementor/css/post-20209631f.css]
[saveukraine.org/wp-content/uploads/elementor/css/post-202843608.css]
[saveukraine.org/wp-content/uploads/elementor/css/post-20342fe7c.css]
[saveukraine.org/wp-content/uploads/elementor/css/post-20227a0c0.css]
[saveukraine.org/wp-json/wp/v2/pages/20227.json]
[saveukraine.org/wp-json/oembed/1.0/embed6f86.json]
[saveukraine.org/wp-json/oembed/1.0/embed6e6e]
[saveukraine.org/de/uber-uns.html]
[saveukraine.org/wp-content/uploads/elementor/css/post-20235a3ae.css]
[saveukraine.org/wp-json/wp/v2/pages/20235.json]
[saveukraine.org/wp-json/oembed/1.0/embedb23f.json]
[saveukraine.org/wp-json/oembed/1.0/embed5c33]
[saveukraine.org/wp-content/uploads/2023/04/four-paws-2-1.svg]
[saveukraine.org/de/spenden-fur-ukraine.html]
[saveukraine.org/wp-content/uploads/2022/06/generous.svg]
[saveukraine.org/wp-content/uploads/elementor/css/post-20244cf63.css]
[saveukraine.org/wp-json/wp/v2/pages/20244.json]
[saveukraine.org/wp-json/oembed/1.0/embedc30a.json]
[saveukraine.org/wp-json/oembed/1.0/embeda003]
[saveukraine.org/de/moglichkeiten-zu-helfen.html]
[saveukraine.org/wp-content/uploads/elementor/css/post-202371cd4.css]
[saveukraine.org/wp-json/wp/v2/pages/20237.json]
[saveukraine.org/wp-json/oembed/1.0/embed140c.json]
[saveukraine.org/wp-json/oembed/1.0/embedafc6]
[saveukraine.org/de/kundgebungen.html]
[saveukraine.org/wp-content/uploads/elementor/css/post-202476f76.css]
[saveukraine.org/wp-json/wp/v2/pages/20247.json]
[saveukraine.org/wp-json/oembed/1.0/embed9ff5.json]
[saveukraine.org/wp-json/oembed/1.0/embedfad9]
[saveukraine.org/de/freiwillig.html]
[saveukraine.org/wp-content/uploads/2022/06/crpn-icon-hand.svg]
[saveukraine.org/wp-content/uploads/elementor/css/post-202393230.css]
[saveukraine.org/wp-json/wp/v2/pages/20239.json]
[saveukraine.org/wp-json/oembed/1.0/embed1b51.json]
[saveukraine.org/de/internationalen-legion-anschliessen-ukraine.html]
[saveukraine.org/wp-content/uploads/2022/06/brs-icon-3.svg]
[saveukraine.org/wp-json/oembed/1.0/embed3c32.json]
[saveukraine.org/wp-json/oembed/1.0/embedd07f]
[saveukraine.org/de/kontaktieren-sie-uns.html]
[saveukraine.org/pt/comments/feed.html]
[saveukraine.org/wp-content/uploads/elementor/css/post-20352485d.css]
[saveukraine.org/wp-content/uploads/elementor/css/post-20408cb5a.css]
[saveukraine.org/wp-content/uploads/elementor/css/post-20555acb9.css]
[saveukraine.org/wp-content/uploads/elementor/css/post-203941cd6.css]
[saveukraine.org/wp-json/wp/v2/pages/20394.json]
[saveukraine.org/wp-json/oembed/1.0/embed25e1.json]
[saveukraine.org/wp-json/oembed/1.0/embed3b77]
[saveukraine.org/pt/sobre-nos.html]
[saveukraine.org/wp-content/uploads/elementor/css/post-203776ec0.css]
[saveukraine.org/wp-json/wp/v2/pages/20377.json]
[saveukraine.org/wp-json/oembed/1.0/embedc0c0.json]
[saveukraine.org/wp-json/oembed/1.0/embed173f]
[saveukraine.org/pt/contribuir.html]
[saveukraine.org/wp-content/uploads/2022/06/generous-1.svg]
[saveukraine.org/wp-content/uploads/elementor/css/post-2036250bb.css]
[saveukraine.org/wp-json/wp/v2/pages/20362.json]
[saveukraine.org/wp-json/oembed/1.0/embed4c7b.json]
[saveukraine.org/wp-json/oembed/1.0/embed2401]
[saveukraine.org/pt/formas-de-ajudar-ucrania.html]
[saveukraine.org/wp-content/uploads/elementor/css/post-20372faf8.css]
[saveukraine.org/wp-json/wp/v2/pages/20372.json]
[saveukraine.org/wp-json/oembed/1.0/embed19bc.json]
[saveukraine.org/wp-json/oembed/1.0/embed3db9]
[saveukraine.org/pt/manifestacoes.html]
[saveukraine.org/wp-content/uploads/elementor/css/post-20357c2d6.css]
[saveukraine.org/wp-json/oembed/1.0/embed20f2.json]
[saveukraine.org/wp-json/oembed/1.0/embed95d5]
[saveukraine.org/pt/voluntariado.html]
[saveukraine.org/wp-content/uploads/2022/06/crpn-icon-hand-1.svg]
[saveukraine.org/wp-content/uploads/elementor/css/post-2036772a7.css]
[saveukraine.org/wp-json/wp/v2/pages/20367.json]
[saveukraine.org/wp-json/oembed/1.0/embedf71d.json]
[saveukraine.org/wp-json/oembed/1.0/embed50c4]
[saveukraine.org/pt/alistamento-legiao-internacional.html]
[saveukraine.org/wp-content/uploads/2022/06/brs-icon-3-1.svg]
[saveukraine.org/wp-content/uploads/elementor/css/post-20389a8ec.css]
[saveukraine.org/wp-json/wp/v2/pages/20389.json]
[saveukraine.org/wp-json/oembed/1.0/embedf258.json]
[saveukraine.org/wp-json/oembed/1.0/embed0520]
[saveukraine.org/pt/contacte-nos.html]
[saveukraine.org/ua/comments/feed.html]
[saveukraine.org/wp-content/uploads/elementor/css/post-172991380.css]
[saveukraine.org/wp-content/uploads/elementor/css/post-17435b240.css]
[saveukraine.org/wp-content/uploads/elementor/css/post-17388a9f6.css]
[saveukraine.org/uk/index.html]
[saveukraine.org/wp-content/uploads/elementor/css/post-174039fbf.css]
[saveukraine.org/wp-json/wp/v2/pages/17403.json]
[saveukraine.org/wp-json/oembed/1.0/embeda933.json]
[saveukraine.org/ua/pro-nas.html]
[saveukraine.org/wp-json/oembed/1.0/embedb12a]
[saveukraine.org/wp-content/uploads/elementor/css/post-19364d8c1.css]
[saveukraine.org/wp-json/wp/v2/pages/19364.json]
[saveukraine.org/wp-json/oembed/1.0/embede6e0.json]
[saveukraine.org/wp-json/oembed/1.0/embed9b9a]
[saveukraine.org/ua/zrobyty-vnesok.html]
[saveukraine.org/wp-content/uploads/2023/04/four-paws-2-2.svg]
[saveukraine.org/wp-content/uploads/elementor/css/post-19380b971.css]
[saveukraine.org/wp-json/wp/v2/pages/19380.json]
[saveukraine.org/wp-json/oembed/1.0/embedb158.json]
[saveukraine.org/ua/inshi-sposoby-dopomohy.html]
[saveukraine.org/wp-json/oembed/1.0/embedfa53]
[saveukraine.org/wp-content/uploads/elementor/css/post-19386e063.css]
[saveukraine.org/wp-json/wp/v2/pages/19386.json]
[saveukraine.org/wp-json/oembed/1.0/embed27c4.json]
[saveukraine.org/ua/aktsii-na-pidtrymku-ukrainy.html]
[saveukraine.org/wp-json/oembed/1.0/embede85d]
[saveukraine.org/wp-content/uploads/elementor/css/post-193986432.css]
[saveukraine.org/wp-json/wp/v2/pages/19398.json]
[saveukraine.org/wp-json/oembed/1.0/embed15b2.json]
[saveukraine.org/wp-json/oembed/1.0/embed8c96]
[saveukraine.org/ua/volonterstvo.html]
[saveukraine.org/wp-content/uploads/elementor/css/post-194238832.css]
[saveukraine.org/wp-json/wp/v2/pages/19423.json]
[saveukraine.org/wp-json/oembed/1.0/embed659f.json]
[saveukraine.org/wp-json/oembed/1.0/embedca92]
[saveukraine.org/ua/doluchaisya-do-international-legion.html]
[saveukraine.org/wp-content/uploads/elementor/css/post-191223d41.css]
[saveukraine.org/wp-json/wp/v2/pages/19122.json]
[saveukraine.org/wp-json/oembed/1.0/embed2b50.json]
[saveukraine.org/wp-json/oembed/1.0/embed1f3e]
[saveukraine.org/ua/kontakty.html]
[saveukraine.org/ua/humanitarna-dopomoha-ukraini.html]
[saveukraine.org/pl/comments/feed.html]
[saveukraine.org/wp-content/uploads/elementor/css/post-196473c66.css]
[saveukraine.org/wp-content/uploads/elementor/css/post-19691f9b0.css]
[saveukraine.org/wp-content/uploads/elementor/css/post-196875625.css]
[saveukraine.org/wp-content/uploads/elementor/css/post-19621afb7.css]
[saveukraine.org/wp-json/wp/v2/pages/19621.json]
[saveukraine.org/wp-json/oembed/1.0/embed99cf.json]
[saveukraine.org/wp-json/oembed/1.0/embedbcfb]
[saveukraine.org/pl/o-nas.html]
[saveukraine.org/wp-content/uploads/elementor/css/post-195939c0f.css]
[saveukraine.org/wp-json/wp/v2/pages/19593.json]
[saveukraine.org/wp-json/oembed/1.0/embed09b3.json]
[saveukraine.org/wp-json/oembed/1.0/embed3a8d]
[saveukraine.org/pl/przekaz-darowizne.html]
[saveukraine.org/wp-content/uploads/elementor/css/post-19598c5f4.css]
[saveukraine.org/wp-json/wp/v2/pages/19598.json]
[saveukraine.org/wp-json/oembed/1.0/embed440b.json]
[saveukraine.org/wp-json/oembed/1.0/embedf4ad]
[saveukraine.org/pl/dodatkowe-sposoby-pomocy.html]
[saveukraine.org/wp-content/uploads/elementor/css/post-196067b61.css]
[saveukraine.org/wp-json/wp/v2/pages/19606.json]
[saveukraine.org/wp-json/oembed/1.0/embed9a70.json]
[saveukraine.org/wp-json/oembed/1.0/embed9542]
[saveukraine.org/pl/wiec-poparcia-dla-ukrainy.html]
[saveukraine.org/wp-content/uploads/elementor/css/post-1961190f1.css]
[saveukraine.org/wp-json/wp/v2/pages/19611.json]
[saveukraine.org/wp-json/oembed/1.0/embed0e61.json]
[saveukraine.org/wp-json/oembed/1.0/embedafe2]
[saveukraine.org/pl/wolontariat.html]
[saveukraine.org/wp-content/uploads/elementor/css/post-19616bf83.css]
[saveukraine.org/wp-json/wp/v2/pages/19616.json]
[saveukraine.org/wp-json/oembed/1.0/embed2d84.json]
[saveukraine.org/wp-json/oembed/1.0/embed4c9e]
[saveukraine.org/pl/miedzynarodowy-legion-obrony-terytorialnej-ukrainy.html]
[saveukraine.org/wp-content/uploads/elementor/css/post-196268637.css]
[saveukraine.org/wp-json/wp/v2/pages/19626.json]
[saveukraine.org/wp-json/oembed/1.0/embed4914.json]
[saveukraine.org/wp-json/oembed/1.0/embeddaf2]
[saveukraine.org/pl/kontakt.html]
[saveukraine.org/it/comments/feed.html]
[saveukraine.org/wp-content/uploads/elementor/css/post-199483fcc.css]
[saveukraine.org/wp-content/uploads/elementor/css/post-20164b9d7.css]
[saveukraine.org/wp-content/uploads/elementor/css/post-20550eff4.css]
[saveukraine.org/wp-content/uploads/elementor/css/post-199992d69.css]
[saveukraine.org/wp-json/wp/v2/pages/19999.json]
[saveukraine.org/wp-json/oembed/1.0/embed13a3.json]
[saveukraine.org/wp-json/oembed/1.0/embed0bec]
[saveukraine.org/it/сhi-siamo.html]
[saveukraine.org/wp-content/uploads/elementor/css/post-19937dfbf.css]
[saveukraine.org/wp-json/wp/v2/pages/19937.json]
[saveukraine.org/wp-json/oembed/1.0/embed738a.json]
[saveukraine.org/wp-json/oembed/1.0/embedaf38]
[saveukraine.org/donate/ukrainian-paramedics]
[saveukraine.org/it/donazioni-ucraina.html]
[saveukraine.org/wp-content/uploads/2022/04/generous.svg]
[saveukraine.org/wp-content/uploads/elementor/css/post-199651838.css]
[saveukraine.org/wp-json/wp/v2/pages/19965.json]
[saveukraine.org/wp-json/oembed/1.0/embeda327.json]
[saveukraine.org/wp-json/oembed/1.0/embedc7f5]
[saveukraine.org/it/come-aiutare-ucraina.html]
[saveukraine.org/wp-content/uploads/elementor/css/post-19972eb9c.css]
[saveukraine.org/wp-json/wp/v2/pages/19972.json]
[saveukraine.org/wp-json/oembed/1.0/embed8cbc.json]
[saveukraine.org/wp-json/oembed/1.0/embed5e8d]
[saveukraine.org/it/manifestazioni-ucraina.html]
[saveukraine.org/wp-content/uploads/elementor/css/post-199813c35.css]
[saveukraine.org/wp-json/wp/v2/pages/19981.json]
[saveukraine.org/wp-json/oembed/1.0/embed4f9e.json]
[saveukraine.org/wp-json/oembed/1.0/embed788d]
[saveukraine.org/it/volontariato.html]
[saveukraine.org/wp-content/uploads/elementor/css/post-1999262bc.css]
[saveukraine.org/wp-json/wp/v2/pages/19992.json]
[saveukraine.org/wp-json/oembed/1.0/embede4d5.json]
[saveukraine.org/wp-json/oembed/1.0/embed95af]
[saveukraine.org/it/legione-internazionale-ucraina.html]
[saveukraine.org/wp-content/uploads/elementor/css/post-20005aa17.css]
[saveukraine.org/wp-json/wp/v2/pages/20005.json]
[saveukraine.org/wp-json/oembed/1.0/embedfe21.json]
[saveukraine.org/wp-json/oembed/1.0/embed0195]
[saveukraine.org/it/contatti.html]
[saveukraine.org/wp-content/plugins/bearsthemes-addons/assets/images/cls-ellipse-testimonial.svg]
[saveukraine.org/wp-content/plugins/bearsthemes-addons/assets/images/cls-ellipse47.svg]
[saveukraine.org/wp-content/plugins/bearsthemes-addons/assets/images/cls-ellipse46.svg]
[saveukraine.org/wp-content/plugins/bearsthemes-addons/assets/images/cls-ellipse48.svg]
[saveukraine.org/wp-content/plugins/bearsthemes-addons/assets/images/search-light.svg]
[saveukraine.org/wp-content/plugins/bearsthemes-addons/assets/images/heart-light.svg]
[saveukraine.org/wp-content/themes/alone/fonts/Poppins-Italic.woff2]
[saveukraine.org/wp-content/themes/alone/fonts/Poppins-SemiBoldItalic.woff2]
[saveukraine.org/wp-content/themes/alone/fonts/Poppins-Light.woff2]
[saveukraine.org/wp-content/themes/alone/fonts/Poppins-Regular.woff2]
[saveukraine.org/wp-content/themes/alone/fonts/Poppins-Medium.woff2]
[saveukraine.org/wp-content/themes/alone/fonts/Poppins-SemiBold.woff2]
[saveukraine.org/wp-content/themes/alone/fonts/Poppins-Bold.woff2]
[saveukraine.org/wp-content/themes/alone/fonts/font.css]
[saveukraine.org/wp-content/themes/alone/css/normalize.css]
[saveukraine.org/wp-content/themes/alone/images/down-arrow.svg]
[saveukraine.org/wp-content/themes/alone/images/search-light.svg]
[saveukraine.org/wp-content/themes/alone/images/arrow-right.svg]
[saveukraine.org/wp-content/themes/alone/images/tick-light.svg]
[saveukraine.org/wp-content/themes/alone/css/alone-main.css]
[saveukraine.org/wp-content/plugins/elementor/assets/lib/eicons/fonts/eiconsdc2c.svg]
[saveukraine.org/wp-content/plugins/ubermenu/assets/fontawesome/webfonts/fa-brands-400.svg]
[saveukraine.org/wp-content/plugins/ubermenu/assets/fontawesome/webfonts/fa-regular-400.svg]
[saveukraine.org/wp-content/plugins/ubermenu/assets/fontawesome/webfonts/fa-solid-900.svg]
[saveukraine.org/wp-content/plugins/elementor/assets/lib/font-awesome/webfonts/fa-solid-900.svg]
[saveukraine.org/wp-content/plugins/elementor/assets/lib/font-awesome/webfonts/fa-regular-400.svg]
[saveukraine.org/wp-content/uploads/elementor/css/post-892354ad.css]
[saveukraine.org/index1ae5.html]
[saveukraine.org/wp-content/uploads/elementor/css/post-172535c2b.css]
[saveukraine.org/index2cfc.html]
[saveukraine.org/wp-content/uploads/2023/04/four-paws-2.svg]
[saveukraine.org/wp-content/uploads/elementor/css/post-9104d275.css]
[saveukraine.org/indexde52.html]
[saveukraine.org/wp-content/uploads/2021/08/Vector.svg]
[saveukraine.org/wp-content/uploads/elementor/css/post-18642fbba.css]
[saveukraine.org/wp-json/wp/v2/pages/18642.json]
[saveukraine.org/wp-json/oembed/1.0/embedd346]
[saveukraine.org/volunteer/become-a-volunteer.html]
[saveukraine.org/wp-content/uploads/elementor/css/post-197347609.css]
[saveukraine.org/wp-json/wp/v2/pages/19734.json]
[saveukraine.org/wp-json/oembed/1.0/embede2fb.json]
[saveukraine.org/ways-to-help/donate-a-vehicle.html]
[saveukraine.org/wp-content/uploads/elementor/css/post-1722899f9.css]
[saveukraine.org/index73bd.html]
[saveukraine.org/wp-content/uploads/elementor/css/post-91022d04.css]
[saveukraine.org/indexac1b.html]
[saveukraine.org/wp-json/oembed/1.0/embed237b]
[saveukraine.org/wp-content/uploads/elementor/css/post-197230435.css]
[saveukraine.org/wp-json/wp/v2/pages/19723.json]
[saveukraine.org/wp-json/oembed/1.0/embedb27f.json]
[saveukraine.org/volunteer/provide-housing.html]
[saveukraine.org/wp-json/oembed/1.0/embed47d7]
[saveukraine.org/wp-content/uploads/elementor/css/post-1972567d1.css]
[saveukraine.org/wp-json/wp/v2/pages/19725.json]
[saveukraine.org/wp-json/oembed/1.0/embed0b95.json]
[saveukraine.org/volunteer/provide-transportation.html]
[saveukraine.org/wp-json/oembed/1.0/embedab97]
[saveukraine.org/wp-content/uploads/elementor/css/post-19727fcc8.css]
[saveukraine.org/wp-json/wp/v2/pages/19727.json]
[saveukraine.org/wp-json/oembed/1.0/embedc114.json]
[saveukraine.org/volunteer/contact-legislator.html]
[saveukraine.org/wp-json/oembed/1.0/embed3e8b]
[saveukraine.org/wp-content/uploads/elementor/css/post-19730239f.css]
[saveukraine.org/wp-json/wp/v2/pages/19730.json]
[saveukraine.org/wp-json/oembed/1.0/embed0784.json]
[saveukraine.org/volunteer/become-medical-volunteer.html]
[saveukraine.org/wp-content/uploads/elementor/css/post-183938ad3.css]
[saveukraine.org/index1ecf.html]
[saveukraine.org/wp-json/oembed/1.0/embed1f09]
[saveukraine.org/ua/novyny.html]
[saveukraine.org/author/author_en/feed]
[saveukraine.org/author/author_en.html]
[saveukraine.org/2022/03.html]
[saveukraine.org/wp-content/uploads/elementor/css/post-182749d2a.css]
[saveukraine.org/index7666.html]
[saveukraine.org/xmlrpc.php]
[saveukraine.org/wp-json/wp/v2/users/3.json]
[saveukraine.org/tag/russian-aggression/feed]
[saveukraine.org/tag/russian-aggression.html]
[saveukraine.org/wp-json/wp/v2/tags/339.json]
[saveukraine.org/tag/war-in-ukraine/feed]
[saveukraine.org/tag/war-in-ukraine.html]
[saveukraine.org/wp-content/uploads/elementor/css/post-182619d2a.css]
[saveukraine.org/indexa29c.html]
[saveukraine.org/wp-content/uploads/elementor/css/post-182449d2a.css]
[saveukraine.org/index9cd0.html]
[saveukraine.org/wp-content/uploads/elementor/css/post-911084b6.css]
[saveukraine.org/indexadde.html]
[saveukraine.org/wp-content/uploads/elementor/css/post-20227a0c0.css]
[saveukraine.org/index4ab7.html]
[saveukraine.org/wp-content/uploads/elementor/css/post-20235a3ae.css]
[saveukraine.org/index8b69.html]
[saveukraine.org/wp-content/uploads/2023/04/four-paws-2-1.svg]
[saveukraine.org/wp-content/uploads/elementor/css/post-20244cf63.css]
[saveukraine.org/index6f96.html]
[saveukraine.org/wp-content/uploads/elementor/css/post-202371cd4.css]
[saveukraine.org/index7468.html]
[saveukraine.org/wp-content/uploads/elementor/css/post-202476f76.css]
[saveukraine.org/wp-content/uploads/elementor/css/post-202393230.css]
[saveukraine.org/indexe9af.html]
[saveukraine.org/wp-json/wp/v2/tags/341.json]
[saveukraine.org/wp-content/uploads/elementor/css/post-20229e4f7.css]
[saveukraine.org/wp-json/oembed/1.0/embed7988]
[saveukraine.org/index99bf.html]
[saveukraine.org/wp-content/uploads/elementor/css/post-203941cd6.css]
[saveukraine.org/indexd209.html]
[saveukraine.org/wp-content/uploads/elementor/css/post-203776ec0.css]
[saveukraine.org/index84f8.html]
[saveukraine.org/wp-content/uploads/elementor/css/post-2036250bb.css]
[saveukraine.org/indexbc1a.html]
[saveukraine.org/wp-content/uploads/elementor/css/post-20372faf8.css]
[saveukraine.org/index382b.html]
[saveukraine.org/wp-content/uploads/elementor/css/post-20357c2d6.css]
[saveukraine.org/wp-json/wp/v2/pages/20229]
[saveukraine.org/index848e.html]
[saveukraine.org/wp-content/uploads/elementor/css/post-2036772a7.css]
[saveukraine.org/index588b.html]
[saveukraine.org/wp-content/uploads/elementor/css/post-20389a8ec.css]
[saveukraine.org/index2185.html]
[saveukraine.org/wp-content/uploads/elementor/css/post-174039fbf.css]
[saveukraine.org/indexd367.html]
[saveukraine.org/wp-content/uploads/elementor/css/post-19364d8c1.css]
[saveukraine.org/index5aa0.html]
[saveukraine.org/wp-content/uploads/2023/04/four-paws-2-2.svg]
[saveukraine.org/wp-content/uploads/elementor/css/post-19380b971.css]
[saveukraine.org/indexed79.html]
[saveukraine.org/wp-content/uploads/elementor/css/post-19386e063.css]
[saveukraine.org/indexd6ef.html]
[saveukraine.org/wp-content/uploads/elementor/css/post-193986432.css]
[saveukraine.org/index328c.html]
[saveukraine.org/wp-content/uploads/elementor/css/post-194238832.css]
[saveukraine.org/index8afa.html]
[saveukraine.org/wp-content/uploads/elementor/css/post-191223d41.css]
[saveukraine.org/indexc007.html]
[saveukraine.org/wp-content/uploads/elementor/css/post-19621afb7.css]
[saveukraine.org/index389a.html]
[saveukraine.org/wp-content/uploads/elementor/css/post-195939c0f.css]
[saveukraine.org/index257e.html]
[saveukraine.org/wp-content/uploads/elementor/css/post-19598c5f4.css]
[saveukraine.org/indexdf6a.html]
[saveukraine.org/wp-content/uploads/elementor/css/post-196067b61.css]
[saveukraine.org/indexbf70.html]
[saveukraine.org/wp-content/uploads/elementor/css/post-1961190f1.css]
[saveukraine.org/index3069.html]
[saveukraine.org/wp-content/uploads/elementor/css/post-19616bf83.css]
[saveukraine.org/index678e.html]
[saveukraine.org/wp-content/uploads/elementor/css/post-196268637.css]
[saveukraine.org/index43a1.html]
[saveukraine.org/wp-content/uploads/elementor/css/post-199992d69.css]
[saveukraine.org/index7bf4.html]
[saveukraine.org/wp-content/uploads/elementor/css/post-19937dfbf.css]
[saveukraine.org/index93b0.html]
[saveukraine.org/donate/ukrainian-paramedics.html]
[saveukraine.org/wp-content/uploads/elementor/css/post-199651838.css]
[saveukraine.org/indexa1c9.html]
[saveukraine.org/wp-content/uploads/elementor/css/post-19972eb9c.css]
[saveukraine.org/indexd7b3.html]
[saveukraine.org/wp-content/uploads/elementor/css/post-199813c35.css]
[saveukraine.org/indexb275.html]
[saveukraine.org/wp-content/uploads/elementor/css/post-1999262bc.css]
[saveukraine.org/index44b4.html]
[saveukraine.org/wp-content/uploads/elementor/css/post-20005aa17.css]
[saveukraine.org/index853a.html]
[saveukraine.org/wp-content/themes/alone/images/down-arrow.svg]
[saveukraine.org/wp-content/themes/alone/images/search-light.svg]
[saveukraine.org/wp-content/themes/alone/images/arrow-right.html]
[saveukraine.org/wp-content/themes/alone/images/tick-light.svg]
[saveukraine.org/wp-content/uploads/2021/08/Vector.svg]
[saveukraine.org/wp-content/uploads/elementor/css/post-18642fbba.css]
[saveukraine.org/wp-json/wp/v2/pages/20357]
[saveukraine.org/wp-json/oembed/1.0/embed99e9]
[saveukraine.org/wp-content/uploads/elementor/css/post-197347609.css]
[saveukraine.org/index6dea.html]
[saveukraine.org/wp-content/uploads/elementor/css/post-197230435.css]
[saveukraine.org/index9bc8.html]
[saveukraine.org/wp-content/uploads/elementor/css/post-1972567d1.css]
[saveukraine.org/index79bd.html]
[saveukraine.org/wp-content/uploads/elementor/css/post-19727fcc8.css]
[saveukraine.org/indexc127.html]
[saveukraine.org/wp-content/uploads/elementor/css/post-19730239f.css]
[saveukraine.org/index2eae.html]
[saveukraine.org/indexc12a.html]
[saveukraine.org/de]
[saveukraine.org/wp-content/uploads/elementor/css/post-20229e4f7.css]
[saveukraine.org/indexbbf6.html]
